

Working Directory = /users/iteso-s012/my_designs/DM_Michel_Castillo_RISC_V/synthesis/Logic_synthesis
QoS Summary for risc_v_top
================================================================================
Metric                          generic         map             syn_opt        
================================================================================

View : view_Adders_slow
Slack (ps):                     4,186           4,010           4,082
  R2R (ps):                     4,186           4,010           4,082
  I2R (ps):                     8,603           8,415           8,451
  R2O (ps):                  no_value        no_value        no_value
  I2O (ps):                  no_value        no_value        no_value
  CG  (ps):                  no_value        no_value        no_value
TNS (ps):                           0               0               0
  R2R (ps):                         0               0               0
  I2R (ps):                         0               0               0
  R2O (ps):                  no_value        no_value        no_value
  I2O (ps):                  no_value        no_value        no_value
  CG  (ps):                  no_value        no_value        no_value
Failing Paths:                      0               0               0

View : view_Adders_fast
Slack (ps):                       340               7             127
  R2R (ps):                       340               7             127
  I2R (ps):                       826             787             791
  R2O (ps):                  no_value        no_value        no_value
  I2O (ps):                  no_value        no_value        no_value
  CG  (ps):                  no_value        no_value        no_value
TNS (ps):                           0               0               0
  R2R (ps):                         0               0               0
  I2R (ps):                         0               0               0
  R2O (ps):                  no_value        no_value        no_value
  I2O (ps):                  no_value        no_value        no_value
  CG  (ps):                  no_value        no_value        no_value
Failing Paths:                      0               0               0

Leakage Power (mW):             0.000           0.000           0.001
Cell Area:                     35,322          21,744          23,537
Total Cell Area:               35,322          21,744          23,537
Leaf Instances:                 4,415           3,810           3,926
Total Instances:                4,415           3,810           3,926
Utilization (%):                 0.00            0.00            0.00
Tot. Net Length (um):        no_value        no_value        no_value
Avg. Net Length (um):        no_value        no_value        no_value
Route Overflow H (%):        no_value        no_value        no_value
Route Overflow V (%):        no_value        no_value        no_value
MBCI(%) (bits/gate) :            0.00            0.00            0.00
Norm Cong Hotspot Area:
  Max Cong:                  no_value        no_value        no_value
  Tot Cong:                  no_value        no_value        no_value
================================================================================
CPU  Runtime (h:m:s):        00:03:19        00:01:25        00:01:28
Real Runtime (h:m:s):        00:03:50        00:08:40        00:03:51
CPU  Elapsed (h:m:s):        00:03:27        00:04:51        00:06:19
Real Elapsed (h:m:s):        00:03:53        00:12:33        00:16:24
Memory (MB):                  1550.99         1554.21         1562.22
================================================================================
================================================================================
Flow Settings:
================================================================================
Total Runtime (h:m:s): 00:16:23
Total Memory (MB):     1562.22
Executable Version:    20.11-s111_1
================================================================================
Total Cell Area =  Cell Area + Physical Cell Area
Total Instances =  Leaf Instances + Physical Instances


