

Working Directory = /users/iteso-s012/my_designs/DM_Michel_Castillo_RISC_V/synthesis/Logic_synthesis
QoS Summary for risc_v_top
================================================================================
Metric                          generic         map             syn_opt        
================================================================================

View : view_risc_v_slow
Slack (ps):                     4,186           4,010           4,082
  R2R (ps):                     4,186           4,010           4,082
  I2R (ps):                     8,603           8,415           8,451
  R2O (ps):                  no_value        no_value        no_value
  I2O (ps):                  no_value        no_value        no_value
  CG  (ps):                  no_value        no_value        no_value
TNS (ps):                           0               0               0
  R2R (ps):                         0               0               0
  I2R (ps):                         0               0               0
  R2O (ps):                  no_value        no_value        no_value
  I2O (ps):                  no_value        no_value        no_value
  CG  (ps):                  no_value        no_value        no_value
Failing Paths:                      0               0               0

View : view_risc_v_fast
Slack (ps):                       340               7             127
  R2R (ps):                       340               7             127
  I2R (ps):                       826             787             791
  R2O (ps):                  no_value        no_value        no_value
  I2O (ps):                  no_value        no_value        no_value
  CG  (ps):                  no_value        no_value        no_value
TNS (ps):                           0               0               0
  R2R (ps):                         0               0               0
  I2R (ps):                         0               0               0
  R2O (ps):                  no_value        no_value        no_value
  I2O (ps):                  no_value        no_value        no_value
  CG  (ps):                  no_value        no_value        no_value
Failing Paths:                      0               0               0

Leakage Power (mW):             0.000           0.000           0.001
Cell Area:                     35,247          21,744          23,537
Total Cell Area:               35,247          21,744          23,537
Leaf Instances:                 4,407           3,810           3,926
Total Instances:                4,407           3,810           3,926
Utilization (%):                 0.00            0.00            0.00
Tot. Net Length (um):        no_value        no_value        no_value
Avg. Net Length (um):        no_value        no_value        no_value
Route Overflow H (%):        no_value        no_value        no_value
Route Overflow V (%):        no_value        no_value        no_value
MBCI(%) (bits/gate) :            0.00            0.00            0.00
Norm Cong Hotspot Area:
  Max Cong:                  no_value        no_value        no_value
  Tot Cong:                  no_value        no_value        no_value
================================================================================
CPU  Runtime (h:m:s):        00:02:52        00:00:52        00:01:17
Real Runtime (h:m:s):        00:03:06        00:00:34        00:01:18
CPU  Elapsed (h:m:s):        00:02:59        00:03:51        00:05:08
Real Elapsed (h:m:s):        00:03:10        00:03:43        00:05:01
Memory (MB):                  1474.36         1474.75         1474.76
================================================================================
================================================================================
Flow Settings:
================================================================================
Total Runtime (h:m:s): 00:05:00
Total Memory (MB):     1474.76
Executable Version:    20.11-s111_1
================================================================================
Total Cell Area =  Cell Area + Physical Cell Area
Total Instances =  Leaf Instances + Physical Instances


