------------------------------------------------------------
Timing Analyzer Summary
------------------------------------------------------------

Type  : Slow 1100mV 85C Model Setup 'clk'
Slack : -13.338
TNS   : -14239.923

Type  : Slow 1100mV 85C Model Hold 'clk'
Slack : 0.325
TNS   : 0.000

Type  : Slow 1100mV 85C Model Recovery 'clk'
Slack : -0.696
TNS   : -24.101

Type  : Slow 1100mV 85C Model Removal 'clk'
Slack : 0.778
TNS   : 0.000

Type  : Slow 1100mV 85C Model Minimum Pulse Width 'clk'
Slack : -2.636
TNS   : -1168.595

Type  : Slow 1100mV 0C Model Setup 'clk'
Slack : -13.280
TNS   : -13957.086

Type  : Slow 1100mV 0C Model Hold 'clk'
Slack : 0.304
TNS   : 0.000

Type  : Slow 1100mV 0C Model Recovery 'clk'
Slack : -0.653
TNS   : -22.163

Type  : Slow 1100mV 0C Model Removal 'clk'
Slack : 0.720
TNS   : 0.000

Type  : Slow 1100mV 0C Model Minimum Pulse Width 'clk'
Slack : -2.636
TNS   : -1219.425

Type  : Fast 1100mV 85C Model Setup 'clk'
Slack : -7.336
TNS   : -8224.688

Type  : Fast 1100mV 85C Model Hold 'clk'
Slack : 0.181
TNS   : 0.000

Type  : Fast 1100mV 85C Model Recovery 'clk'
Slack : 0.066
TNS   : 0.000

Type  : Fast 1100mV 85C Model Removal 'clk'
Slack : 0.435
TNS   : 0.000

Type  : Fast 1100mV 85C Model Minimum Pulse Width 'clk'
Slack : -2.636
TNS   : -462.022

Type  : Fast 1100mV 0C Model Setup 'clk'
Slack : -6.759
TNS   : -7220.132

Type  : Fast 1100mV 0C Model Hold 'clk'
Slack : 0.171
TNS   : 0.000

Type  : Fast 1100mV 0C Model Recovery 'clk'
Slack : 0.121
TNS   : 0.000

Type  : Fast 1100mV 0C Model Removal 'clk'
Slack : 0.394
TNS   : 0.000

Type  : Fast 1100mV 0C Model Minimum Pulse Width 'clk'
Slack : -2.636
TNS   : -461.130

------------------------------------------------------------
